[   0.00000] Initializing cgroup subsys cpuset
[    0.000000] Initializing cgroup subsys cpu
[    0.000000] Initializing cgroup subsys cpuacct
[    0.000000] Linux version 4.4.0-134-generic (buildd@lgw01-amd64-033) (gcc version 5.4.0206009 (Ubuntu 5.4.0-6uunu116.04.1)  #16-Ubun SMP Wed Au 15 14:58:00 UTC 2018 (Ubuntu 4.4.0-134.160-generic 4.4.140)
[    0.000000] Command line: BOOT_IMAGE=/boot/vmlinuz-4.4.0-134-generic root=LABEL=cloudimg-rootfs ro onol=ttty1 consoe=ty0
[    0.000000] KERNEL suppored cpus:
[    0.000000]   Intel GnuineInl
[    0.000000]   MD AuthenicAMD
[   .00000]   Centaur CentaurHauls
[    0.000000] x86/fpu: xstate_offset[2]:  576, xstate_sizes[2]:  256
[    0.000000] x86/fpu: Supporting XSAVE feature 0x01: 'x87 floating point registers'
[    0.000000] x86/fpu: Supporting XSAVE feature 0x02: 'SSE registers'
[    0.000000] x86/fpu: Supporting XSAVE feature 0x04: 'AVX registers'
[    0.000000] x86/fpu: Enabled xstate features 0x7, context size is 832bys, usin 'tadard' foat
[    0.000] e820: OSprovidephsical RAM map:[   0.000000]IO-e820:[mem 0x0000000000000000-0x000000000009fbff] usable
[   0.000000] BIOS-820: [mem 0x000000000009fc00-0x00000000009ffff] reserved
[    0.000000] BIOS-e820: [mem 0x00000000000f0000-0x00000000000fffff] reserved
[    0.000000] BIOS-e820: [mem0x00000000000000-0x000000003ffeffff] usble
    0.000000] BIOS-e820: [mem 0x000000003fff0000-0x000000003fffffff] ACPI data
[    000000] BIO-e20: [mem 0x00000000fec00000-0x00000000fec00fff] reserved
[    0.000000] BIOS-e820: [mem 0x000000fe000000-x000000fee00ff] rserved
[    0.000000] BI-e20: [mem 0x00000000fffc0000-0x00000000ffffffff] reserved
[    0.000000] NX (Execute Disable) protection: active
[    0.000000] SMBIOS 2.5 present.
[    00000] Hyprvsor detectd: KVM
[   000000] e80: lat_pfn = 0x3fff0 max_arch_pfn = 0x400000000
[    0.000000] MTRR: Disable
   0.000000] x86/PAT: MTRRs diabed, skipping PAT initialization too
[    0.000000] CPU MTRRs all blank - virtualized system.
[    0.000000] x86/PAT: Configuration [0-7]: WB  WT  UC- UC  WB  WT  UC- UC  
[    0.000000] found SMP MP-table at [mem 0x0009fff0-0x0009ffff] mapped at [fff8800009ff0
[    0.0000]Scannin1 reas for low memorycoruption
[    0.000000] RAMDISK: [mem 03630c000-0x3717dfff]
[    0.000000] ACPI: rly table checksum verification disabled
[    0.000000] ACPI: RSDP 0x00000000000E0000 00024(v02 VBOX  )
[    0.000000] CP: SDT 0x000000003FFF0030 00003C v0 VOX   VBXXSDT 000001 AL  000001)
[    0.000000] ACPI: FACP 0x000000003FFF00F0 0000F4 (v04 VBOX   VBOXFACP 00000001 ASL  00000061)
[    0.000000] ACPI: DSDT 0x000000003FFF0470 0021FF (v02 VBOX   VBOXBIOS 000002INTL 201028
[   000000] ACI:FAS 0x000000FFF0200 00040
[    0.000000]CP: FACS0x0000003FFF0200 0004
[   0.000000] ACPI AICC 0x000000003FFF0240 00005C (v02 VBX  VOXAPIC 00000001 ASL  00000061)
[   0.000000] ACPI SDT 0x000000FFF02A0 0001CC (v01 VBOX   VBOXCPUT 00000002 INTL 20100528)
[    0.000000] No NUMA configuration found
[    0.000000] Faking a node at [mem 0x0000000000000000-0x000003ffefff]
[    0.000000] NODE_DATA(0) allocated [mem 0x3ffeb000-0x3ffeffff]
[    0.000000] kvm-clock: Using msrs 4b564d01 and 4b564d00
[    0.000000] kvm-clock: cpu 0, msr 0:3ffe3001, primary cpu clock
[    0.000000] kvm-clock: using sched offset of 3351306578 cycles
[    0.000000] cocksource: kvm-clock: mask: 0xffffffffffffffff max_cycles: 0x1c2edffb, max_idle_ns: 81590591483 ns
[    0.000000] Zone ranges:
[    0.000000]   DMA      [mem 0x0000000000001000-0x0000000000ffffff]
[    0.000000]   DMA32    [mem 0x0000000001000000-0x000000003ffeffff]
[    0.000000]   Normal   empty
[    0.000000]   Device   empty
[    0.000000] Movable zone start for each node
[    0.000000] Early memory noe ranges
[   .000000]   nde  0: [mm x000000000000-0x000000000efff]
[   .00000]  noe  0: [mem x00000000100000-0x000000003ffeffff]
[    0.000000] Initmem setup node 0 [mem 0x0000000000001000-0x000000003ffeffff]
[    0.000000] PI PM-TimerIOPot: 0x400
[   0.000000] IOAC[]: apic_id 2, vesin 2, address 0fe0000, GSI -2
    0.00000 ACPI: INT_SRC_OVR (bus 0 bus_irq 0 global_irq 2 dfl dfl)
[    0.000000] ACPI: INT_SRC_OVR (bus 0 bus_irq 9 global_irq 9 low level)
[    0.000000] Using ACPI (MADT) for SMP configuration information
[    0.000000] smpboot: Allwing 2 CPU 0 hotplug CPUs
[    0.000000] PM: Registered nosave memory: [mem 0x00000000-0x00000fff]
[    0.00000] PM: Registered nosave memory: [mem 0x0009f000-0x0009ffff]
[    0.000000] PM: Registered nosave memory: mem 0x000a0000-0x000effff]
[    0.000000] PM: Regitered nosave memory: me 0000f000-000fffff]
[  0000000] e820: me 040000000-xfbffff] ailble for PCI devce
[    0.0000] Booing pavirtuaized kernel on VM
[   0.000000]clckource: refiedjifies: mask: 0xffffffff max_cycles: 0xffffffff, max_idle_ns: 7645519600211568 ns
[    0.000000] setup_pepu NR_CPUS:51 n_cumask_bits:512nrcpu_ds:2 n_node_ids1
[    0.00000]PERCPU: mbddded 34 page/cpu @fff88003fc00000 s99544 r8192 d31528 u1048576
[    0.000000] PV qspinlock hash table entries: 256 (order: 0, 4096 bytes)
[    0.000000] Built 1 zonelists in Node order, mobility grouping on.  Total pages: 257912
[    0.000000] Policy zone: DMA32
[    0.000000] Kernel command line: BOOT_IMAGE=/boot/vmlinuz-4.4.0-134-generic root=LABEL=cloudimg-rootfs ro console=tty1 console=ttyS0
[    0.000000] PID hash table entries: 4096 (order: 3, 32768 bytes)
[    0.000000] Memory: 997724K/1048120K available (8554K kernel code, 1314K rwdata, 4004K rodata, 1516K init, 1316K bss, 50396K reserved, 0K cma-reserved)
[    0.000000] SLUB: HWalign=64, Order=0-3, MinObjects=0, CPUs=2, Nodes=1
[    0.000000] Kernel/User page tables isolation: enabled
[    0.000000] Hierarchical RCU implementation.
[    0.000000] 	Build-time adjustment of leaf fanout to 64.
[    0.000000] 	RCU restricting CPUs from NR_CPUS=512 to nr_cpu_is=2.
[    0.000000] RCU: Adjusting geometry for rcu_fanout_leaf=64, nr_cpu_ids=2
[    0.000000] NR_IRQS:33024 nr_irqs:40 16    0.0000 Console: colour VGA+ 80x25
[    0.000000] console [tty1] enabled
[    0.000000] console [ttyS0] enabled
[    0.000000] tsc: Detected 1599.999 MHz processor
[    5.887201] Calibratingdelay oop (skipped) preset value.. 319.99 BogoMIPS (lpj=6399996)
[    5.948363] pid_max: default: 32768 minimum: 301
[    5.979497] ACPI: Core revision 20150930
[    6.004991] ACPI: 2 ACPI AML tables successfully acquired and loaded
[    6.043581] Security Framework initialized
[    6.076208] Yama: becoming mindful.
[    6.097470] AppArmor: AppArmor initialized
[    6.098814] Dentry cache hash table entries: 131072 (order: 8, 1048576 bytes)
[    6.102728] Inode-cache hash table entries: 65536 (order: 7, 524288 bytes)
[    6.151764] Mount-cache hash table entries: 2048 (order: 2, 16384 bytes)
[    6.164447] Mountpoint-cache hash table entries: 2048 (order: 2, 16384 bytes)
[    6.167020] Initializing cgroup subsys io
[    6.198982] Initializing cgroup subsys memory
[    6.213893] Initializing cgroup subsys devices
[    6.243214] Initializing cgroup subsys freezer
[    6.260430] Initializing cgroup subsys net_cls
[    6.268977] Initializing cgroup subsys perf_event
[    6.270334] Initializing cgroup subsys net_prio
[    6.289103] Initializing cgroup subsys hugetlb
[    6.297438] Initializing cgroup subsys pids
[    6.301181] mce: CPU supports 0 MCE banks
[    6.319367] Last level iTLB entries: 4KB 64, 2MB 8, 4MB 8
[    6.359034] Last level dTLB entries: 4KB 64, 2MB 0, 4MB 0, 1GB 4
[    6.391480] Spectre V2 : Mitigation: Full generic retpoline
[    6.427714] Spectre V2 : Speculation control IBPB not-supported IBRS not-supported
[    6.433183] Speculative Store Bypass: Vulnerable
[    6.447315] Freeing SMP alternatives memory: 32K
[    6.466014] ftrace: allocating 32266 entries in 127 pages
[    6.541434] smpboot: APIC(0) Converting physical 0 to logical package 0
[    6.572310] smpboot: Max logical packages: 1
[    6.616668] x2apic enabled
[    6.637831] Switched APIC routing to physical x2apic.
[    6.676658] ..TIMER: vector=0x30 apic1=0 pin1=2 apic2=-1 pin2=-1
[    6.822762] smpboot: CPU0: Intel(R) Core(TM) i5-5250U CPU @ 1.60GHz (family: 0x6, model: 0x3d, stepping: 0x4)
[    6.831624] Performance Events: unsupported p6 CPU model 61 no PMU driver, software events only.
[    6.848458] KVM setup paravirtual spinlock
[    6.858603] x86: Booting SMP configuration:
[    6.875747] .... node  #0, CPUs:      #1
[    6.877868] kvm-clock: cpu 1, msr 0:3ffe3041, secondary cpu clock
[    6.916658] mce: CPU supports 0 MCE banks
[    6.926379] x86: Booted up 1 node, 2 CPUs
[    6.955735] smpboot: Total of 2 processors activated (6399.99 BogoMIPS)
[    6.984329] devtmpfs: initialized
[    7.005385] evm: security.selinux
[    7.023664] evm: security.SMACK64
[    7.024763] evm: security.SMACK64EXEC
[    7.026250] evm: security.SMACK64TRANSMUTE
[    7.043637] evm: security.SMACK64MMAP
[    7.075157] evm: security.ima
[    7.079635] evm: security.capability
[    7.087942] clocksource: jiffies: mask: 0xffffffff max_cycles: 0xffffffff, max_idle_ns: 7645041785100000 ns
[    7.092904] futex hash table entries: 512 (order: 3, 32768 bytes)
[    7.116673] pinctrl core: initialized pinctrl subsystem
[    7.156169] RTC time: 11:33:11, date: 09/27/18
[    7.176472] NET: Registered protocol family 16
[    7.203686] cpuidle: using governor ladder
[    7.223733] cpuidle: using governor menu
[    7.248034] PCCT header not found.
[    7.271771] ACPI: bus type PCI registered
[    7.279570] acpiphp: ACPI Hot Plug PCI Controller Driver version: 0.5
[    7.310829] PCI: Using configuration type 1 for base access
[    7.328465] ACPI: Added _OSI(Module Device)
[    7.339247] ACPI: Added _OSI(Processor Device)
[    7.358076] ACPI: Added _OSI(3.0 _SCP Extensions)
[    7.376208] ACPI: Added _OSI(Processor Aggregator Device)
[    7.425170] ACPI: Executed 1 blocks of module-level executable AML code
[    7.450638] ACPI: Interpreter enabled
[    7.462279] ACPI: (supports S0 S5)
[    7.467942] ACPI: Using IOAPIC for interrupt routing
[    7.494232] PCI: Using host bridge windows from ACPI; if necessary, use "pci=nocrs" and report a bug
[    7.538676] ACPI: PCI Root Bridge [PCI0] (domain 0000 [bus 00-ff])
[    7.553055] acpi PNP0A03:00: _OSC: OS supports [ASPM ClockPM Segments MSI]
[    7.554740] acpi PNP0A03:00: _OSC: not requesting OS control; OS requires [ExtendedConfig ASPM ClockPM MSI]
[    7.600310] acpi PNP0A03:00: fail to add MMCONFIG information, can't access extended PCI configuration space under this bridge.
[    7.653352] PCI host bridge to bus 0000:00
[    7.656409] pci_bus 0000:00: root bus resource [io  0x0000-0x0cf7 window]
[    7.658206] pci_bus 0000:00: root bus resource [io  0x0d00-0xffff window]
[    7.660062] pci_bus 0000:00: root bus resource [mem 0x000a0000-0x000bffff window]
[    7.677754] pci_bus 0000:00: root bus resource [mem 0x40000000-0xfdffffff window]
[    7.700976] pci_bus 0000:00: root bus resource [bus 00-ff]
[    7.706757] pci 0000:00:01.1: legacy IDE quirk: reg 0x10: [io  0x01f0-0x01f7]
[    7.750487] pci 0000:00:01.1: legacy IDE quirk: reg 0x14: [io  0x03f6]
[    7.782366] pci 0000:00:01.1: legacy IDE quirk: reg 0x18: [io  0x0170-0x0177]
[    7.812279] pci 0000:00:01.1: legacy IDE quirk: reg 0x1c: [io  0x0376]
[    7.847278] pci 0000:00:07.0: quirk: [io  0x4000-0x403f] claimed by PIIX4 ACPI
[    7.873584] pci 0000:00:07.0: quirk: [io  0x4100-0x410f] claimed by PIIX4 SMB
[    7.928233] ACPI: PCI Interrupt Link [LNKA] (IRQs 5 9 10 *11)
[    7.930542] ACPI: PCI Interrupt Link [LNKB] (IRQs 5 9 *10 11)
[    7.938289] ACPI: PCI Interrupt Link [LNKC] (IRQs 5 *9 10 11)
[    7.946185] ACPI: PCI Interrupt Link [LNKD] (IRQs 5 9 10 *11)
[    7.948517] ACPI: Enabled 2 GPEs in block 00 to 07
[    7.950384] vgaarb: setting as boot device: PCI:0000:00:02.0
[    7.956309] vgaarb: device added: PCI:0000:00:02.0,decodes=io+mem,owns=io+mem,locks=none
[    7.987162] vgaarb: loaded
[    8.001763] vgaarb: bridge control possible 0000:00:02.0
[    8.018180] SCSI subsystem initialized
[    8.021393] ACPI: bus type USB registered
[    8.028036] usbcore: registered new interface driver usbfs
[    8.037913] usbcore: registered new interface driver hub
[    8.046323] usbcore: registered new device driver usb
[    8.078810] PCI: Using ACPI for IRQ routing
[    8.093117] NetLabel: Initializing
[    8.094365] NetLabel:  domain hash size = 128
[    8.095543] NetLabel:  protocols = UNLABELED CIPSOv4
[    8.096917] NetLabel:  unlabeled traffic allowed by default
[    8.098693] amd_nb: Cannot enumerate AMD northbridges
[    8.101245] clocksource: Switched to clocksource kvm-clock
[    8.147652] AppArmor: AppArmor Filesystem Enabled
[   .1124]pn: PnP ACPI init
   83162] np: PnP ACPI: found 3 devices

[    8.486811] clocksource: acpi_pm: mask: 0xffffff max_cycles: 0xffffff, max_idle_ns: 2085701024 ns
[   8.489718] NET: Registered protocol family 2
[    8.534915] TCP established hash table entries: 8192 (order: 4, 65536 bytes)
[    8.536851] TCP bind hash table entries: 8192 (order: 5, 131072 bytes)
[   8.538643] TCP: Hash tables configured (established 8192 bind 8192)
[    8.567014] UDP hash table entries: 512 (order: 2, 16384 bytes)
[    8.568606] UDP-Lite hash table entries: 512 (order: 2, 16384 bytes)
[    8.570375] NET: Registered protocol family 1
[    8.571689] pci 0000:00:00.0: Limiting direct PCI/PCI transfers
[    8.573420] pci 0000:00:01.0: Activating ISA DMA hang workarounds
[    8.575209] Unpacking initramfs...

[    8.839320] Freeing initrd memory: 14792K
[    8.856687] RAPL PMU detected, API unit is 2^-32 Joules, 4 fixed counters 10737418240 ms ovfl timer
[    8.888749] hw unit of domain pp0-core 2^-0 Joules
[    8.906596] hw unit of domain package 2^-0 Joules
[    8.925860] hw unit of domain dram 2^-0 Joules
[    8.949887] hw unit of domain pp1-gpu 2^-0 Joules
[    8.966559] platform rtc_cmos: registered platform RTC device (no PNP device found)
[    8.987747] Scanning for low memory corruption every 60 seconds
[    9.046089] audit: initializing netlink subsys (disabled)
[    9.047888] audit: type=2000 audit(1538047990.429:1): initialized
[    9.050034] Initialise system trusted keyring
[    9.051854] HugeTLB registered 2 MB page size, pre-allocated 0 pages
[    9.055497] zbud: loaded
[    9.056949] VFS: Disk quotas dquot_6.6.0
[    9.058300] VFS: Dquot-cache hash table entries: 512 (order 0, 4096 bytes)
[    9.060432] squashfs: version 4.0 (2009/01/31) Phillip Lougher
[    9.062603] fuse init (API version 7.23)
[    9.064103] Key type big_key registered
[    9.065300] Allocating IMA MOK and blacklist keyrings.
[    9.069274] Key type asymmetric registered
[    9.070687] Asymmetric key parser 'x509' registered
[    9.072085] Block layer SCSI generic (bsg) driver version 0.4 loaded (major 249)
[    9.090202] io scheduler noop registered
[    9.099613] io scheduler deadline registered (default)
[    9.104299] io scheduler cfq registered
[    9.111837] pci_hotplug: PCI Hot Plug PCI Core version: 0.5
[    9.120208] pciehp: PCI Express Hot Plug Controller Driver version: 0.4
[    9.124370] ACPI: AC Adapter [AC] (off-line)
[    9.135226] input: Power Button as /devices/LNXSYSTM:00/LNXPWRBN:00/input/input0
[    9.147734] ACPI: Power Button [PWRF]
[    9.156112] input: Sleep Button as /devices/LNXSYSTM:00/LNXSLPBN:00/input/input1
[    9.168252] ACPI: Sleep Button [SLPF]
[    9.171118] ACPI: Battery Slot [BAT0] (battery present)
[    9.172649] GHES: HEST is not enabled!
[    9.173949] Serial: 8250/16550 driver, 32 ports, IRQ sharing enabled
[    9.206935] 00:02: ttyS0 at I/O 0x3f8 (irq = 4, base_baud = 115200) is a 16550A
[    9.261334] Linux agpgart interface v0.103
[    9.270576] loop: module loaded
[    9.272583] scsi host0: ata_piix
[    9.282299] scsi host1: ata_piix
[    9.284554] ata1: PATA max UDMA/33 cmd 0x1f0 ctl 0x3f6 bmdma 0xd000 irq 14
[    9.333108] ata2: PATA max UDMA/33 cmd 0x170 ctl 0x376 bmdma 0xd008 irq 15
[    9.354811] libphy: Fixed MDIO Bus: probed
[    9.365948] tun: Universal TUN/TAP device driver, 1.6
[    9.405527] tun: (C) 1999-2004 Max Krasnyansky <maxk@qualcomm.com>
[    9.410115] PPP generic driver version 2.4.2
[    9.411497] ehci_hcd: USB 2.0 'Enhanced' Host Controller (EHCI) Driver
[    9.413223] ehci-pci: EHCI PCI platform driver
[    9.435712] ehci-platform: EHCI generic platform driver
[    9.465348] ohci_hcd: USB 1.1 'Open' Host Controller (OHCI) Driver
[    9.475823] ohci-pci: OHCI PCI platform driver
[    9.491653] ohci-platform: OHCI generic platform driver
[    9.506577] uhci_hcd: USB Universal Host Controller Interface driver
[    9.538355] i8042: PNP: PS/2 Controller [PNP0303:PS2K,PNP0f03:PS2M] at 0x60,0x64 irq 1,12
[    9.568326] serio: i8042 KBD port at 0x60,0x64 irq 1
[    9.583774] serio: i8042 AUX port at 0x60,0x64 irq 12
[    9.636331] mousedev: PS/2 mouse device common for all mice
[    9.715870] rtc_cmos rtc_cmos: rtc core: registered rtc_cmos as rtc0
[    9.757997] input: AT Translated Set 2 keyboard as /devices/platform/i8042/serio0/input/input2
[    9.787655] rtc_cmos rtc_cmos: alarms up to one day, 114 bytes nvram
[    9.800836] i2c /dev entries driver
[    9.807608] device-mapper: uevent: version 1.0.3
[    9.833925] device-mapper: ioctl: 4.34.0-ioctl (2015-10-28) initialised: dm-devel@redhat.com
[    9.884008] ledtrig-cpu: registered to indicate activity on CPUs
[    9.928190] NET: Registered protocol family 10
[    9.947633] NET: Registered protocol family 17
[    9.962193] Key type dns_resolver registered
[    9.982385] registered taskstats version 1
[    9.985483] tsc: Refined TSC clocksource calibration: 1600.678 MHz
[    9.985487] clocksource: tsc: mask: 0xffffffffffffffff max_cycles: 0x1712a553f63, max_idle_ns: 440795209789 ns
[   10.066250] Loading compiled-in X.509 certificates
[   10.071707] Loaded X.509 cert 'Build time autogenerated kernel key: 4eb3d024ac16f76c1747ffd474694c84db21038b'
[   10.083177] zswap: loaded using pool lzo/zbud
[   10.112469] Key type trusted registered
[   10.134755] Key type encrypted registered
[   10.136162] AppArmor: AppArmor sha1 policy hashing enabled
[   10.137914] ima: No TPM chip found, activating TPM-bypass!
[   10.139418] ima: Allocated hash algorithm: sha1
[   10.140761] evm: HMAC attrs: 0x1
[   10.142262]   Magic number: 2:244:581
[   10.143535] rtc_cmos rtc_cmos: setting system clock to 2018-09-27 11:33:14 UTC (1538047994)
[   10.146575] BIOS EDD facility v0.16 2004-Jun-25, 0 devices found
[   10.172630] EDD information not available.
[   10.175512] Freeing unused kernel memory: 1516K
[   10.189415] Write protecting the kernel read-only data: 14336k
[   10.197158] Freeing unused kernel memory: 1672K
[   10.199035] Freeing unused kernel memory: 92K
Loading, please wait...
starting version[   10.220289] random: systemd-udevd: uninitialized urandom read (16 bytes read, 5 bits of entropy available)
 229
[   10.221744] random: udevadm: uninitialized urandom read (16 bytes read, 5 bits of entropy available)
[   10.221770] random: udevadm: uninitialized urandom read (16 bytes read, 5 bits of entropy available)
[   10.235559] random: udevadm: uninitialized urandom read (16 bytes read, 5 bits of entropy available)
[   10.235635] random: udevadm: uninitialized urandom read (16 bytes read, 5 bits of entropy available)
[   10.235926] random: udevadm: uninitialized urandom read (16 bytes read, 5 bits of entropy available)
[   10.236020] random: udevadm: uninitialized urandom read (16 bytes read, 5 bits of entropy available)
[   10.236107] random: udevadm: uninitialized urandom read (16 bytes read, 5 bits of entropy available)
[   10.236196] random: udevadm: uninitialized urandom read (16 bytes read, 5 bits of entropy available)
[   10.236286] random: udevadm: uninitialized urandom read (16 bytes read, 5 bits of entropy available)
[   10.585881] e1000: Intel(R) PRO/1000 Network Driver - version 7.3.21-k8-NAPI
[   10.588078] e1000: Copyright (c) 1999-2006 Intel Corporation.
[   10.595535] Fusion MPT base driver 3.04.20
[   10.597090] Copyright (c) 1999-2008 LSI Corporation
[   10.609796] Fusion MPT SPI Host driver 3.04.20
[   10.614757] AVX2 version of gcm_enc/dec engaged.
[   10.616137] AES CTR mode by8 optimization enabled
[   10.802773] input: ImExPS/2 Generic Explorer Mouse as /devices/platform/i8042/serio1/input/input4
[   10.962197] e1000 0000:00:03.0 eth0: (PCI:33MHz:32-bit) 02:1d:76:b3:3c:fe
[   11.002954] e1000 0000:00:03.0 eth0: Intel(R) PRO/1000 Network Connection
[   11.477420] e1000 0000:00:08.0 eth1: (PCI:33MHz:32-bit) 08:00:27:10:ef:91
[   11.491505] e1000 0000:00:08.0 eth1: Intel(R) PRO/1000 Network Connection
[   11.512851] e1000 0000:00:03.0 enp0s3: renamed from eth0
[   11.531474] mptbase: ioc0: Initiating bringup
[   11.557801] e1000 0000:00:08.0 enp0s8: renamed from eth1
[   11.617651] ioc0: LSI53C1030 A0: Capabilities={Initiator}
[   12.709887] scsi host2: ioc0: LSI53C1030 A0, FwRev=00000000h, Ports=1, MaxQ=256, IRQ=20
[   13.346039] scsi 2:0:0:0: Direct-Access     VBOX     HARDDISK         1.0  PQ: 0 ANSI: 5
[   13.363561] scsi target2:0:0: Beginning Domain Validation
[   13.394144] scsi target2:0:0: Domain Validation skipping write tests
[   13.439713] scsi target2:0:0: Ending Domain Validation
[   13.460019] scsi target2:0:0: asynchronous
[   13.478865] scsi 2:0:1:0: Direct-Access     VBOX     HARDDISK         1.0  PQ: 0 ANSI: 5
[   14.023680] scsi target2:0:1: Beginning Domain Validation
[   14.048148] scsi target2:0:1: Domain Validation skipping write tests
[   14.050747] scsi target2:0:1: Ending Domain Validation
[   14.052136] scsi target2:0:1: asynchronous
[   14.059152] sd 2:0:0:0: Attached scsi generic sg0 type 0
[   14.060509] sd 2:0:0:0: [sda] 20971520 512-byte logical blocks: (10.7 GB/10.0 GiB)
[   14.060805] sd 2:0:1:0: [sdb] 20480 512-byte logical blocks: (10.5 MB/10.0 MiB)
[   14.060988] sd 2:0:1:0: [sdb] Write Protect is off
[   14.061030] sd 2:0:1:0: Attached scsi generic sg1 type 0
[   14.061118] sd 2:0:1:0: [sdb] Incomplete mode parameter data
[   14.061120] sd 2:0:1:0: [sdb] Assuming drive cache: write through
[   14.062843] sd 2:0:1:0: [sdb] Attached SCSI disk
[   14.216013] sd 2:0:0:0: [sda] Write Protect is off
[   14.234711] sd 2:0:0:0: [sda] Incomplete mode parameter data
[   14.262024] sd 2:0:0:0: [sda] Assuming drive cache: write through
[   14.276946]  sda: sda1
[   14.288771] sd 2:0:0:0: [sda] Attached SCSI disk
Begin: Loading essential drivers[   15.718696] md: linear personality registered for level -1
 ... [   15.757624] md: multipath personality registered for level -4
[   15.800000] md: raid0 personality registered for level 0
[   15.804560] md: raid1 personality registered for level 1
[   15.893355] raid6: sse2x1   gen()  5142 MB/s
[   15.981798] raid6: sse2x1   xor()  5311 MB/s
[   16.065267] raid6: sse2x2   gen()  9240 MB/s
[   16.157268] raid6: sse2x2   xor()  6299 MB/s
[   16.253274] raid6: sse2x4   gen() 11468 MB/s
[   16.329450] raid6: sse2x4   xor()  7572 MB/s
[   16.421505] raid6: avx2x1   gen() 14330 MB/s
[   16.489821] raid6: avx2x2   gen() 16004 MB/s
[   16.577479] raid6: avx2x4   gen() 18992 MB/s
[   16.605651] raid6: using algorithm avx2x4 gen() 18992 MB/s
[   16.633899] raid6: using avx2x2 recovery algorithm
[   16.649602] xor: automatically using best checksumming function:
[   16.697059]    avx       : 39829.000 MB/sec
[   16.718292] async_tx: api initialized (async)
[   16.741336] md: raid6 personality registered for level 6
[   16.772554] md: raid5 personality registered for level 5
[   16.810940] md: raid4 personality registered for level 4
[   16.826222] md: raid10 personality registered for level 10
done.
Begin: Running /scripts/init-premount ... done.
Begin: Mounting root file system ... Begin: Running /scripts/local-top ... done.
Begin: Running /scripts/local-premount ... [   16.862695] Btrfs loaded
Scanning for Btrfs filesystems
done.
Warning: fsck no[   16.906337] EXT4-fs (sda1): mounted filesystem with ordered data mode. Opts: (null)
t present, so skipping root file system
done.
Begin: Running /scripts/local-bottom ... done.
Begin: Running /scripts/init-bottom ... done.
[   17.062575] systemd[1]: systemd 229 running in system mode. (+PAM +AUDIT +SELINUX +IMA +APPARMOR +SMACK +SYSVINIT +UTMP +LIBCRYPTSETUP +GCRYPT +GNUTLS +ACL +XZ -LZ4 +SECCOMP +BLKID +ELFUTILS +KMOD -IDN)
[   17.132222] systemd[1]: Detected virtualization oracle.
[   17.178052] systemd[1]: Detected architecture x86-64.

Welcome to [1mUbuntu 16.04.5 LTS[0m!

[   17.232467] systemd[1]: Set hostname to <ubuntu>.
[   17.270494] systemd[1]: Initializing machine ID from random generator.
[   17.321734] systemd[1]: Installed transient /etc/machine-id file.
[   17.446425] systemd[1]: Listening on Journal Socket.
[[0;32m  OK  [0m] Listening on Journal Socket.
[   17.449193] systemd[1]: Reached target User and Group Name Lookups.
[[0;32m  OK  [0m] Reached target User and Group Name Lookups.
[   17.481967] systemd[1]: Listening on Journal Socket (/dev/log).
[[0;32m  OK  [0m] Listening on Journal Socket (/dev/log).
[   17.566612] systemd[1]: Created slice User and Session Slice.
[[0;32m  OK  [0m] Created slice User and Session Slice.
[   17.637160] systemd[1]: Listening on LVM2 metadata daemon socket.
[[0;32m  OK  [0m] Listening on LVM2 metadata daemon socket.
[   17.717668] systemd[1]: Reached target Encrypted Volumes.
[[0;32m  OK  [0m] Reached target Encrypted Volumes.
[   17.754044] systemd[1]: Listening on /dev/initctl Compatibility Named Pipe.
[[0;32m  OK  [0m] Listening on /dev/initctl Compatibility Named Pipe.
[   17.834129] systemd[1]: Listening on udev Control Socket.
[[0;32m  OK  [0m] Listening on udev Control Socket.
[   17.893916] systemd[1]: Listening on Device-mapper event daemon FIFOs.
[[0;32m  OK  [0m] Listening on Device-mapper event daemon FIFOs.
[   17.986363] systemd[1]: Set up automount Arbitrary Executable File Formats File System Automount Point.
[[0;32m  OK  [0m] Set up automount Arbitrary Executab...ats File System Automount Point.
[   18.085095] systemd[1]: Reached target System Time Synchronized.
[[0;32m  OK  [0m] Reached target System Time Synchronized.
[   18.104143] systemd[1]: Created slice System Slice.
[[0;32m  OK  [0m] Created slice System Slice.
[   18.117626] systemd[1]: Mounting POSIX Message Queue File System...
[   18.128259] random: nonblockig pool is initialized

         Mounting POSIX Message Queue File System...
[   18.185538] systemd[1]: Mounting Huge Pages File System...
         Mounting Huge Pages File System...
[   18.237728] systemd[1]: Reached target Slices.
[[0;32m  OK  [0m] Reached target Slices.
[   18.305820] systemd[1]: Starting Load Kernel Modules...
         Startin[   18.311822] Loading iSCSI transport class v2.0-870.
g Load Kernel Mo[   18.352494] iscsi: registered transport (tcp)
dules...
[   18.358578] systemd[1]: Starting Remount Root and Kernel File Systems...
         Startin[   18.373857] EXT4-fs (sda1): re-mounted. Opts: (null)
g Remount Root and Kernel File Systems...
[   18.378336] systemd[1]: Starting Create list of required static device nodes for the current kernel...
         Starting Create list of required st... nodes for the current kernel...
[   18.384407] systemd[1]: Mounting Debug File System...
         Mounting Debug File System...
[   18.389455] systemd[1]: Starting Set console keymap...
         Starting Set console keymap...
[   18.407860] systemd[1]: Created slice system-serial\x2dgetty.slice.
[[0;32m  OK  [0m] Created slice system-serial\x2dgetty.slice.
[   18.417322] systemd[1]: Started Forward Password Requests to Wall Directory Watch.
[[0;32m  OK  [0[   18.428057] iscsi: registered transport (iser)
m] Started Forward Password Requests to Wall Directory Watch.
[   18.458059] systemd[1]: Starting Monitoring of LVM2 mirrors, snapshots etc. using dmeventd or progress polling...
         Starting Monitoring of LVM2 mirrors... dmeventd or progress polling...
[   18.473015] systemd[1]: Listening on Syslog Socket.
[[0;32m  OK  [0m] Listening on Syslog Socket.
[   18.485730] systemd[1]: Started Trigger resolvconf update for networkd DNS.
[[0;32m  OK  [0m] Started Trigger resolvconf update for networkd DNS.
[   18.554043] systemd[1]: Starting Uncomplicated firewall...
         Starting Uncomplicated firewall...
[  1.58199]sytemd[]:Rechd aretSwp.
[[0;32m  OK  [0m] Reached target Swap.
[   18.966503] systemd[1]: Listening on udev Kernel Socket.
[[0;32m  OK  [0m] Listening on udev Kernel Socket.
[  19.010191] sytemd[1]: Lstening on L2 poll daemon socket.
[[0;32m  OK  [0m] Listening on LVM2 poll daemon socket.
[   19.197883] systemd[1]: Starting Nameserver information manager...
         Starting Nameserver information manager...
[   19.221974] systemd[1]: Listening on Journal Audit Socket.
[[0;32m  OK  [0m] Listening on Journal Audit Socket.
[   19.226336] systemd[1]: Starting Journal Service...
         Starting Journal Service...
[   19.305799] systemd[1]: Mounted Debug File System.
[[0;32m  OK  [0m] Mounted Debug File System.
[   19.338081] systemd[1]: Mounted Huge Pages File System.
[[0;32m  OK  [0m] Mounted Huge Pages File System.
[  1.390248sytemd[1]: Mounted POSIX Messa Qeue FileSystem
[[0;32m  OK  [0m] Mounted POSIX Message Queue File System.
[   19.714779] systemd[1]: Sared Journal Service.
[[0;32m  OK  [0m] Started Journal Service.
[[0;32m  OK  [0m] Started Load Kernel Modules.
[[0;32m  OK  [0m] Started Remount Root and Kernel File Systems.
[[0;32m  OK  [0m] Started Create list of required sta...ce nodes for the current kernel.
[[0;32m  OK  [0m] Started Set console keymap.
[[0;32m  OK  [0m] Started Uncomplicated firewall.
[[0;32m  OK  [0m] Started Nameserver information manager.
[[0;32m  OK  [0m] Started LVM2 metadata daemon.
         Starting Create Static Device Nodes in /dev...
         Starting udev Coldplug all Devices...
         Starting Load/Save Random Seed...
         Mounting FUSE Control File System...
         Starting Apply Kernel Variables...
         Starting Flush Journal to Persistent Storage...
[[0;32m  OK  [0m] Mounted FUSE Control File System.
[[0;32m  OK  [0m] Started Create Static Device Nodes in /dev.
[[0;32m  OK  [0m] Started Load/Save Random Seed.
[[0;32m  OK  [0m] Started Apply Kernel Variables.
[[0;32m  OK  [0m] Started Monitoring of LVM2 mirrors,...ng dmeventd or progress polling.
[[0;32m  OK  [0m] Started udev Coldplug all Devices.
[[0;32m  OK  [0m] Started Flush Journal to Persistent Storage.
         Starting udev Kernel Device Manager...
[[0;32m  OK  [0m] Started udev Kernel Device Manager.
[[0;32m  OK  [0m] Reached target Local File Systems (Pre).
[[0;32m  OK  [0m] Reached target Local File Systems.
         Starting Commit a transient machine-id on disk...
         Starting Tell Plymouth To Write Out Runtime Data...
         Starting Initial cloud-init job (pre-networking)...
         Starting Create Volatile Files and Directories...
         Starting Set console font and keymap...
         Starting LSB: AppArmor initialization...
[[0;32m  OK  [0m] Started Dispatch Password Requests to Console Directory Watch.
[[0;32m  OK  [0m] Started Commit a transient machine-id on disk.
[[0;32m  OK  [0m] Started Tell Plymouth To Write Out Runtime Data.
[[0;32m  OK  [0m] Started Create Volatile Files and Directories.
[[0;32m  OK  [0m] Found device /dev/ttyS0.
[[0;32m  OK  [0m] Listening on Load/Save RF Kill Switch Status /dev/rfkill Watch.
         Starting Update UTMP about System Boot/Shutdown...
[[0;32m  OK  [0m] Started Update UTMP about System Boot/Shutdown.
[   14.524261] cloud-init[473]: Cloud-init v. 18.3-9-g2e62cb8a-0ubuntu1~16.04.2 running 'init-local' at Thu, 27 Sep 2018 11:33:25 +0000. Up 13.89 seconds.
[[0;32m  OK  [0m] Started LSB: AppArmor initialization.
[[0;32m  OK  [0m] Started Set console font and keymap.
[[0;32m  OK  [0m] Started Initial cloud-init job (pre-networking).
[[0;32m  OK  [0m] Reached target Network (Pre).
[[0;32m  OK  [0m] Created slice system-getty.slice.
         Starting Raise network interfaces...
[[0;32m  OK  [0m] Started Raise network interfaces.
[[0;32m  OK  [0m] Reached target Network.
         Starting Initial cloud-init job (metadata service crawler)...
[   15.984140] cloud-init[930]: Cloud-init v. 18.3-9-g2e62cb8a-0ubuntu1~16.04.2 running 'init' at Thu, 27 Sep 2018 11:33:27 +0000. Up 15.46 seconds.
[   16.068974] cloud-init[930]: ci-info: ++++++++++++++++++++++++++++++++++++++Net device info+++++++++++++++++++++++++++++++++++++++
[   16.069341] cloud-init[930]: ci-info: +--------+-------+----------------------------+---------------+--------+-------------------+
[[0;32m  OK  [0m] Started Initial cloud-init job (metadata service crawler).
[   16.069702] cloud-init[930]: ci-info: | Device |   Up  |          Address           |      Mask     | Scope  |     Hw-Address    |
[   16.262696] cloud-init[930]: ci-info: +--------+-------+----------------------------+---------------+--------+-------------------+
[   16.289809] cloud-init[930]: ci-info: | enp0s3 |  True |         10.0.2.15          | 255.255.255.0 | global | 02:1d:76:b3:3c:fe |
[   16.290260] cloud-init[930]: ci-info: | enp0s3 |  True | fe80::1d:76ff:feb3:3cfe/64 |       .       |  link  | 02:1d:76:b3:3c:fe |
[[0;32m  OK  [0m] Reached target System Initialization.
[[   16.290633] cloud-init[930]: ci-info: | enp0s8 | False |             .              |       .       |   .    | 08:00:27:10:ef:91 |
[   16.421647] cloud-init[930]: ci-info: |   lo   |  True |         127.0.0.1          |   255.0.0.0   |  host  |         .         |
[0;32m  OK  [0m] Listening on D-Bus System Message Bus Socket.
[[   16.423479] cloud-init[930]: ci-info: |   lo   |  True |          ::1/128           |       .       |  host  |         .         |
[   16.573493] cloud-init[930]: ci-info: +--------+-------+----------------------------+---------------+--------+-------------------+
[   16.574851] cloud-init[930]: ci-info: +++++++++++++++++++++++++++Route IPv4 info++++++++++++++++++++++++++++
[0;32m  OK  [0m] Started Daily apt download activities.
[[   16.575395] cloud-init[930]: ci-info: +-------+-------------+----------+---------------+-----------+-------+
[   16.629586] cloud-init[930]: ci-info: | Route | Destination | Gateway  |    Genmask    | Interface | Flags |
[   16.629909] cloud-init[930]: ci-info: +-------+-------------+----------+---------------+-----------+-------+
[   16.632641] cloud-init[930]: ci-info: |   0   |   0.0.0.0   | 10.0.2.2 |    0.0.0.0    |   enp0s3  |   UG  |
[   16.634111] cloud-init[930]: ci-info: |   1   |   10.0.2.0  | 0.0.0.0  | 255.255.255.0 |   enp0s3  |   U   |
[   16.634504] cloud-init[930]: ci-info: +-------+-------------+----------+---------------+-----------+-------+
[0;32m  OK  [0m] Started Daily Cleanup of Temporary Directories.
[   16.634709] cloud-init[930]: ci-info: +++++++++++++++++++Route IPv6 info+++++++++++++++++++
[   16.864564] cloud-init[930]: ci-info: +-------+-------------+---------+-----------+-------+
         Starting LXD - unix socket.
[   16.865126] cloud-init[930]: ci-info: | Route | Destination | Gateway | Interface | Flags |
[   16.981468] cloud-init[930]: ci-info: +-------+-------------+---------+-----------+-------+
[   16.982001] cloud-init[930]: ci-info: |   0   |  fe80::/64  |    ::   |   enp0s3  |   U   |
[[0;32m  OK  [0m] Started ACPI Events Check.
[[0;32m  OK  [0m[   16.982503] cloud-init[930]: ci-info: |   3   |   ff00::/8  |    ::   |   enp0s3  |   U   |
[   17.070433] cloud-init[930]: ci-info: +-------+-------------+---------+-----------+-------+
[   17.070816] cloud-init[930]: Generating public/private rsa key pair.
] Reached target Paths.
         [   17.072826] cloud-init[930]: Your identification has been saved in /etc/ssh/ssh_host_rsa_key.
[   17.201873] cloud-init[930]: Your public key has been saved in /etc/ssh/ssh_host_rsa_key.pub.Starting Socket activation for snappy daemon.

[[   17.202865] cloud-init[930]: The key fingerprint is:
[   17.335443] cloud-init[930]: SHA256:H4Cj9J2bksQKpB3v2ooRvsz2myvD0HA0J/2ocThjKAU root@ubuntu-xenial
[0;32m  OK  [0m] Listening on ACPID Listen Socket.
[[   17.335977] cloud-init[930]: The key's randomart image is:
[   17.396862] cloud-init[930]: +---[RSA 2048]----+
[0;32m  OK  [0m] Listening on UUID daemon activation socket.
[[   17.397080] cloud-init[930]: |E. .             |
[0;32m  OK  [0m] Started Daily apt upgrade and clean activities.[   17.457802] 
cloud-init[930]: |  = o  .         |
[   17.532844] cloud-init[930]: | +o=.oo .        |
[   17.533407] cloud-init[930]: |++B+o+.o o       |
[   17.534345] cloud-init[930]: |+=o*o + S .      |
[   17.534599] cloud-init[930]: |o.oo o . + .     |
[[0;32m  OK  [0m] Reached target Timers.
[[   17.536099] cloud-init[930]: |+.  o o o .      |
[   17.657506] cloud-init[930]: |oB.o.  .         |
[   17.658185] cloud-init[930]: |o+**+            |
[   17.660585] cloud-init[930]: +----[SHA256]-----+
[   17.661898] cloud-init[930]: Generating public/private dsa key pair.
[   17.662137] cloud-init[930]: Your identification has been saved in /etc/ssh/ssh_host_dsa_key.
[0;32m  OK  [0m] Reached target Cloud-config availability.
[   17.662931] cloud-init[930]: Your public key has been saved in /etc/ssh/ssh_host_dsa_key.pub.
[   17.786699] cloud-init[930]: The key fingerprint is:
[   17.786958] cloud-init[930]: SHA256:xsCJfyXYkQWmePqgrApaEB0tyz+4Nv3M7fwm7enk59k root@ubuntu-xenial
[   17.787225] cloud-init[930]: The key's randomart image is:
[[0;32m  OK  [0m] Reached target Network is Online.
[   17.787500] cloud-init[930]: +---[DSA 1024]----+
[   17.797054] cloud-init[930]: |  ..    ++.      |
[   17.805700] cloud-init[930]: | ....+ *..       |
[   17.816458]          Starting iSCSI initiator daemon (iscsid)...
[[0;32m  OK  [0m] Listening on LXD - unix socket.
[[0;32m  OK  [0m] Listening on Socket activation for snappy daemon.
cloud-init[930]: |...oo B o .      |
[   17.968216] [[0;32m  OK  [0m] Reached target Sockets.
[[0;32m  OK  [0m] Reached target Basic System.
cloud-init[930]: | .o  + o o       |
[   18.008429]          Starting Pollinate to seed the pseudo random number generator...
[[0;32m  OK  [0m] Started Deferred execution scheduler.
         Starting /etc/rc.local Compatibility...
cloud-init[930]: |.  oo . S        |
         Starting System Logging Service...
[   18.012677]          Starting Virtualbox guest utils...
         Starting Login Service...
         Starting LSB: Record successful boot for GRUB...
[[0;32m  OK  [0m] Started D-Bus System Message Bus.
cloud-init[930]: | o..oo o         |
[   18.043317] cloud-init[930]: |. +o ..  ..      |
[   18.053503] cloud-init[930]: |oo+ .o o.oo..o   |
[   18.055283] cloud-init[930]: |=. . .+.+**oo E  |
[   18.057330] cloud-init[930]: +----[SHA256]-----+
[   18.064731] cloud-init[930]: Generating public/private ecdsa key pair.
[   18.066872] cloud-init[930]: Your identification has been saved in /etc/ssh/ssh_host_ecdsa_key.
[   18.069714] cloud-init[930]: Your public key has been saved in /etc/ssh/ssh_host_ecdsa_key.pub.
[   18.073224] cloud-init[930]: The key fingerprint is:
         Starting LXD - container startup/shutdown...
[   18.078332] cloud-init[930]: SHA256:hXKXOXBML4qVnROnqWv00tIsPIsfXSO0wDRI0R5+br4 root@ubuntu-xenial
         Starting Snappy daemon...
[   18.103254] cloud-init[930]: The key's randomart image is:
[   18.143920]          Starting LSB: MD monitoring daemon...
cloud-init[930]: +---[ECDSA 256]---+[[0;32m  OK  [0m] Started Regular background program processing daemon.
[[0;32m  OK  [0m] Started FUSE filesystem for LXC.
[[0;32m  OK  [0m] Started ACPI event daemon.

[   18.155168] cloud-init[930]: |     .o++o+ .    |         Starting Accounts Service...
[[0;32m  OK  [0m] Started Unattended Upgrades Shutdown.
[[0;32m  OK  [0m] Started System Logging Service.

[[0;32m  OK  [0m] Started /etc/rc.local Compatibility.
[[0;32m  OK  [0m] Started iSCSI initiator daemon (iscsid).
[   18.181131] cloud-init[930]: |      .ooB.X     |
[   18.193493] cloud-init[930]: |      .oB.# .    |
[   18.197649] cloud-init[930]: |       =oB.=     |
[   18.222928] cloud-init[930]: |      . Soo o    |
[   18.238585] cloud-init[930]: |       o Boo .   |
[   18.245163] cloud-init[930]: |        Xo*      |
[   18.262270] cloud-init[930]: |       o B.      |
[   18.280665] cloud-init[930]: |      ..o E.     |
[   18.281075] cloud-init[930]: +----[SHA256]-----+
[[0;32m  OK  [0m] Started Login Service.
[[0;32m  OK  [0m] Started LSB: Record successful boot for GRUB.
[[0;32m  OK  [0m] Started LXD - container startup/shutdown.
[[0;32m  OK  [0m] Started LSB: MD monitoring daemon.
[[0;32m  OK  [0m] Started Pollinate to seed the pseudo random number generator.
[[0;32m  OK  [0m] Started Virtualbox guest utils.
[   18.281321] [[0;32m  OK  [0m] Started Snappy daemon.
cloud-init[930]: Generating public/private ed25519 key pair.
[   18.397800] cloud-init[930]: Your identification has been saved in /etc/ssh/ssh_host_ed25519_key.
[   18.418626]          Starting Wait until snapd is fully seeded...
cloud-init[930]: Your public key has been saved in /etc/ssh/ssh_host_ed25519_key.pub.
[   18.430357]          Starting OpenBSD Secure Shell server...
cloud-init         Starting Authenticate and Authorize Users to Run Privileged Tasks...
         Starting Login to default iSCSI targets...
[930]: The key fingerprint is:
[   18.442861] cloud-init[930]: SHA256:yEYRdSSDqq8EPbuVb1CMdHaRO5p1TJnsHfQ+ZXCp3wQ root@ubuntu-xenial
[[0;32m  OK  [0m] Started OpenBSD Secure Shell server.
[   18.452532] cloud-init[930]: The key's randomart image is:
[   18.468980] cloud-init[930]: +--[ED25519 256]--+
[   18.477304] cloud-init[930]: |      o+==o+. . o|
[   18.481511] cloud-init[930]: |    . +.o+= ..E+ |
[[0;32m  OK  [0m] Started Login to default iSCSI targets.
[   18.513435] cloud-init[930]: |   . *.. = . .o.o|
[[0;32m  OK  [0m] Started Authenticate and Authorize Users to Run Privileged Tasks.
[   18.526368] [cloud-init[0;32m  OK  [0m[930]: ] | .  ooo.+ + .o o.|Started Accounts Service.

[[0;32m  OK  [0m] Reached target Remote File Systems (Pre).
[   18.557264] cloud-init[930]: |. o. .++So    +..|
[   18.628964] [cloud-init[0;32m  OK  [0m[930]: ] | ..o.oo        o.|Reached target Remote File Systems.

[   18.630062] cloud-init[930]: |  o.o.           |
[   18.664422]          cloud-initStarting LSB: automatic crash report generation...[930]: 
| . o...          |
         Starting LSB: daemon to balance interrupts for SMP systems...
[   18.712888] cloud-init[930]: |  o. ..          |
[   18.733737] cloud-init[930]: +----[SHA256]-----+
         Starting LSB: Set the CPU Frequency Scaling governor to "ondemand"...
         Starting Permit User Sessions...
[[0;32m  OK  [0m] Started Permit User Sessions.
         Starting Terminate Plymouth Boot Screen...
         Starting Hold until boot process finishes up...
[[0;32m  OK  [0m] Started LSB: automatic crash report generation.
[[0;32m  OK  [0m] Started LSB: daemon to balance interrupts for SMP systems.
[[0;32m  OK  [0m] Started LSB: Set the CPU Frequency Scaling governor to "ondemand".
[[0;32m  OK  [0m] Started Terminate Plymouth Boot Screen.
[[0;32m  OK  [0m] Started Wait until snapd is fully seeded.
[[0;32m  OK  [0m] Started Hold until boot process finishes up.
         Starting Set console scheme...
[[0;32m  OK  [0m] Started Serial Getty on ttyS0.
[[0;32m  OK  [0m] Started Getty on tty1.
[[0;32m  OK  [0m] Reached target Login Prompts.
         Starting Apply the settings specified in cloud-config...
[[0;32m  OK  [0m] Reached target Multi-User System.
[[0;32m  OK  [0m] Reached target Graphical Interface.
         Starting Update UTMP about System Runlevel Changes...
[[0;32m  OK  [0m] Started Set console scheme.
[[0;32m  OK  [0m] Started Update UTMP about System Runlevel Changes.
[   19.661833] cloud-init[1259]: Generating locales (this might take a while)...
[[0;32m  OK  [0m] Created slice User Slice of vagrant.
         Starting User Manager for UID 1000...
[[0;32m  OK  [0m] Started Session 1 of user vagrant.
[[0;32m  OK  [0m] Started User Manager for UID 1000.
[   20.772438] cloud-init[1259]:   en_US.UTF-8... done
[   20.801299] cloud-init[1259]: Generation complete.
[   21.323339] cloud-init[1259]: Cloud-init v. 18.3-9-g2e62cb8a-0ubuntu1~16.04.2 running 'modules:config' at Thu, 27 Sep 2018 11:33:31 +0000. Up 19.52 seconds.
[[0;32m  OK  [0m] Started Apply the settings specified in cloud-config.
         Starting Execute cloud user/final scripts...
ci-info: no authorized ssh keys fingerprints found for user ubuntu.
<14>Sep 27 11:33:33 ec2: 
<14>Sep 27 11:33:33 ec2: #############################################################
<14>Sep 27 11:33:33 ec2: -----BEGIN SSH HOST KEY FINGERPRINTS-----
<14>Sep 27 11:33:33 ec2: 1024 SHA256:xsCJfyXYkQWmePqgrApaEB0tyz+4Nv3M7fwm7enk59k root@ubuntu-xenial (DSA)
<14>Sep 27 11:33:33 ec2: 256 SHA256:hXKXOXBML4qVnROnqWv00tIsPIsfXSO0wDRI0R5+br4 root@ubuntu-xenial (ECDSA)
<14>Sep 27 11:33:33 ec2: 256 SHA256:yEYRdSSDqq8EPbuVb1CMdHaRO5p1TJnsHfQ+ZXCp3wQ root@ubuntu-xenial (ED25519)
<14>Sep 27 11:33:33 ec2: 2048 SHA256:H4Cj9J2bksQKpB3v2ooRvsz2myvD0HA0J/2ocThjKAU root@ubuntu-xenial (RSA)
<14>Sep 27 11:33:33 ec2: -----END SSH HOST KEY FINGERPRINTS-----
<14>Sep 27 11:33:33 ec2: #############################################################
-----BEGIN SSH HOST KEY KEYS-----
ecdsa-sha2-nistp256 AAAAE2VjZHNhLXNoYTItbmlzdHAyNTYAAAAIbmlzdHAyNTYAAABBBDo+lEqVp4YoIw25DzA7+JcH/JSP68uhxNDfktrQsSfX0V5H4erDmqGAUImB2a6HKIUvNDR0dHfxFeGe5q1Bv8M= root@ubuntu-xenial
ssh-ed25519 AAAAC3NzaC1lZDI1NTE5AAAAIHF17NnVMnJJoFOQzmhcEKSlslLLm2SRBJv9iHz1Ke/1 root@ubuntu-xenial
ssh-rsa AAAAB3NzaC1yc2EAAAADAQABAAABAQCluWcg25mxf88CFXCO2vOpudXzWz95QNUONh5sQwT/54z5mdJOFruJ0y7xuN/R47OqEkZV6/LUDoBHe6ZCQBVa5yhq0hFZZsgdvQPPuVlF1DiphegiTchQuM3Ixc2c496+qIs2FwEw8jlA0dDdUe8OtNCFWGi4yAawWBA1szqL+VdNJ47qAk57L9aJdRK/GvZuCMWYxwAmh2jLTA5EdDLlNudrqRk+hZ4e6sp6xRmvxnGZuJo9J+x2q3UjE/hYRGFlrYMUk7vIV7z/pECQZvUPAKoPCYhQOSJX+hpZdyGLxmWZd5R848kxsekToKWf/asKuf2Q3n9bQm9II427fgef root@ubuntu-xenial
-----END SSH HOST KEY KEYS-----
[   22.223453] cloud-init[1408]: Cloud-init v. 18.3-9-g2e62cb8a-0ubuntu1~16.04.2 running 'modules:final' at Thu, 27 Sep 2018 11:33:33 +0000. Up 21.75 seconds.
[   22.230838] cloud-init[1408]: ci-info: no authorized ssh keys fingerprints found for user ubuntu.
[   22.235662] cloud-init[1408]: Cloud-init v. 18.3-9-g2e62cb8a-0ubuntu1~16.04.2 finished at Thu, 27 Sep 2018 11:33:34 +0000. Datasource DataSourceNoCloud [seed=/dev/sdb][dsmode=net].  Up 22.21 seconds
         Stopping User Manager for UID 1000...
[[0;32m  OK  [0m] Stopped User Manager for UID 1000.
[[0;32m  OK  [0m] Started Execute cloud user/final scripts.
[[0;32m  OK  [0m] Removed slice User Slice of vagrant.
[[0;32m  OK  [0m] Reached target Cloud-init target.

Ubuntu 16.04.5 LTS ubuntu-xenial ttyS0

ubuntu-xenial login: 